swagger: '2.0'
info:
  version: 1.0.1
  title: Test Swagger
paths: {}
